// Jest Snapshot v1, https://goo.gl/fbAQLP

exports[`Notification should match the snapshot 1`] = `
{
  "Parameters": {
    "BootstrapVersion": {
      "Default": "/cdk-bootstrap/hnb659fds/version",
      "Description": "Version of the CDK Bootstrap resources in this environment, automatically retrieved from SSM Parameter Store. [cdk:skip]",
      "Type": "AWS::SSM::Parameter::Value<String>",
    },
  },
  "Resources": {
    "AWS679f53fac002430cb0da5b7982bd22872D164C4C": {
      "DependsOn": [
        "AWS679f53fac002430cb0da5b7982bd2287ServiceRoleC1EA0FF2",
      ],
      "Properties": {
        "Code": {
          "S3Bucket": {
            "Fn::Sub": "cdk-hnb659fds-assets-\${AWS::AccountId}-\${AWS::Region}",
          },
          "S3Key": "ed6cd104ff5f101d06dae8cb2b87cc6e6d69b9a22055b467ea6cae10ff023023.zip",
        },
        "Handler": "index.handler",
        "Role": {
          "Fn::GetAtt": [
            "AWS679f53fac002430cb0da5b7982bd2287ServiceRoleC1EA0FF2",
            "Arn",
          ],
        },
        "Runtime": "nodejs18.x",
        "Timeout": 120,
      },
      "Type": "AWS::Lambda::Function",
    },
    "AWS679f53fac002430cb0da5b7982bd2287ServiceRoleC1EA0FF2": {
      "Properties": {
        "AssumeRolePolicyDocument": {
          "Statement": [
            {
              "Action": "sts:AssumeRole",
              "Effect": "Allow",
              "Principal": {
                "Service": "lambda.amazonaws.com",
              },
            },
          ],
          "Version": "2012-10-17",
        },
        "ManagedPolicyArns": [
          {
            "Fn::Join": [
              "",
              [
                "arn:",
                {
                  "Ref": "AWS::Partition",
                },
                ":iam::aws:policy/service-role/AWSLambdaBasicExecutionRole",
              ],
            ],
          },
        ],
      },
      "Type": "AWS::IAM::Role",
    },
    "EventsLogGroupPolicynotificationruleDD8D8A55633545E3": {
      "DeletionPolicy": "Delete",
      "DependsOn": [
        "EventsLogGroupPolicynotificationruleDD8D8A55CustomResourcePolicyA5BA260C",
      ],
      "Properties": {
        "Create": {
          "Fn::Join": [
            "",
            [
              "{"service":"CloudWatchLogs","action":"putResourcePolicy","parameters":{"policyName":"EventsLogGroupPolicynotificationruleDD8D8A55","policyDocument":"{\\"Statement\\":[{\\"Action\\":[\\"logs:PutLogEvents\\",\\"logs:CreateLogStream\\"],\\"Effect\\":\\"Allow\\",\\"Principal\\":{\\"Service\\":\\"events.amazonaws.com\\"},\\"Resource\\":\\"",
              {
                "Fn::GetAtt": [
                  "notificationlogsFD6D4DEC",
                  "Arn",
                ],
              },
              "\\"}],\\"Version\\":\\"2012-10-17\\"}"},"physicalResourceId":{"id":"EventsLogGroupPolicynotificationruleDD8D8A55"}}",
            ],
          ],
        },
        "Delete": "{"service":"CloudWatchLogs","action":"deleteResourcePolicy","parameters":{"policyName":"EventsLogGroupPolicynotificationruleDD8D8A55"},"ignoreErrorCodesMatching":"ResourceNotFoundException"}",
        "InstallLatestAwsSdk": true,
        "ServiceToken": {
          "Fn::GetAtt": [
            "AWS679f53fac002430cb0da5b7982bd22872D164C4C",
            "Arn",
          ],
        },
        "Update": {
          "Fn::Join": [
            "",
            [
              "{"service":"CloudWatchLogs","action":"putResourcePolicy","parameters":{"policyName":"EventsLogGroupPolicynotificationruleDD8D8A55","policyDocument":"{\\"Statement\\":[{\\"Action\\":[\\"logs:PutLogEvents\\",\\"logs:CreateLogStream\\"],\\"Effect\\":\\"Allow\\",\\"Principal\\":{\\"Service\\":\\"events.amazonaws.com\\"},\\"Resource\\":\\"",
              {
                "Fn::GetAtt": [
                  "notificationlogsFD6D4DEC",
                  "Arn",
                ],
              },
              "\\"}],\\"Version\\":\\"2012-10-17\\"}"},"physicalResourceId":{"id":"EventsLogGroupPolicynotificationruleDD8D8A55"}}",
            ],
          ],
        },
      },
      "Type": "Custom::CloudwatchLogResourcePolicy",
      "UpdateReplacePolicy": "Delete",
    },
    "EventsLogGroupPolicynotificationruleDD8D8A55CustomResourcePolicyA5BA260C": {
      "Properties": {
        "PolicyDocument": {
          "Statement": [
            {
              "Action": "logs:PutResourcePolicy",
              "Effect": "Allow",
              "Resource": "*",
            },
            {
              "Action": "logs:DeleteResourcePolicy",
              "Effect": "Allow",
              "Resource": "*",
            },
          ],
          "Version": "2012-10-17",
        },
        "PolicyName": "EventsLogGroupPolicynotificationruleDD8D8A55CustomResourcePolicyA5BA260C",
        "Roles": [
          {
            "Ref": "AWS679f53fac002430cb0da5b7982bd2287ServiceRoleC1EA0FF2",
          },
        ],
      },
      "Type": "AWS::IAM::Policy",
    },
    "notificationlogsFD6D4DEC": {
      "DeletionPolicy": "Retain",
      "Properties": {
        "KmsKeyId": "arn:aws:kms:us-east-1:123456789012:key/12345678-1234-1234-1234-123456789012",
        "LogGroupName": "/inception/devops/MyTable-dynamodb--monitoring",
        "RetentionInDays": 14,
      },
      "Type": "AWS::Logs::LogGroup",
      "UpdateReplacePolicy": "Retain",
    },
    "notificationruleC389A2D9": {
      "Properties": {
        "Description": "Send system notifications related to the MyTable table.",
        "EventBusName": "default",
        "EventPattern": {
          "detail": {
            "eventName": [
              "CreateTable",
              "DeleteTable",
              "UpdateTable",
              "DeleteBackup",
              "RestoreTableFromBackup",
              "RestoreTableToPointInTime",
            ],
            "eventSource": [
              "dynamodb.amazonaws.com",
            ],
            "requestParameters": {
              "tableName": [
                "MyTable",
              ],
            },
          },
          "detail-type": [
            "AWS API Call via CloudTrail",
          ],
          "source": [
            "aws.dynamodb",
          ],
        },
        "Name": "MyTable-dynamodb--monitoring",
        "State": "ENABLED",
        "Targets": [
          {
            "Arn": "arn:aws:sns:us-east-1:123456789012:topic",
            "Id": "Target0",
          },
          {
            "Arn": {
              "Fn::Join": [
                "",
                [
                  "arn:",
                  {
                    "Ref": "AWS::Partition",
                  },
                  ":logs:",
                  {
                    "Ref": "AWS::Region",
                  },
                  ":",
                  {
                    "Ref": "AWS::AccountId",
                  },
                  ":log-group:",
                  {
                    "Ref": "notificationlogsFD6D4DEC",
                  },
                ],
              ],
            },
            "Id": "Target1",
          },
        ],
      },
      "Type": "AWS::Events::Rule",
    },
  },
  "Rules": {
    "CheckBootstrapVersion": {
      "Assertions": [
        {
          "Assert": {
            "Fn::Not": [
              {
                "Fn::Contains": [
                  [
                    "1",
                    "2",
                    "3",
                    "4",
                    "5",
                  ],
                  {
                    "Ref": "BootstrapVersion",
                  },
                ],
              },
            ],
          },
          "AssertDescription": "CDK bootstrap stack version 6 required. Please run 'cdk bootstrap' with a recent version of the CDK CLI.",
        },
      ],
    },
  },
}
`;
