// Jest Snapshot v1, https://goo.gl/fbAQLP

exports[`Secure Store General Behavior should match the default snapshot 1`] = `
{
  "Parameters": {
    "BootstrapVersion": {
      "Default": "/cdk-bootstrap/hnb659fds/version",
      "Description": "Version of the CDK Bootstrap resources in this environment, automatically retrieved from SSM Parameter Store. [cdk:skip]",
      "Type": "AWS::SSM::Parameter::Value<String>",
    },
  },
  "Resources": {
    "MySecureStorealarmsalarmerrorsCC0F67CA": {
      "Properties": {
        "AlarmName": {
          "Fn::Join": [
            "",
            [
              "DynamoDB ",
              {
                "Ref": "MySecureStoretable0562C06B",
              },
              " System Errors",
            ],
          ],
        },
        "ComparisonOperator": "GreaterThanOrEqualToThreshold",
        "DatapointsToAlarm": 1,
        "EvaluationPeriods": 6,
        "Metrics": [
          {
            "Expression": "getitem + putitem + deleteitem + updateitem + transactwriteitems + transactgetitems + batchgetitem + batchwriteitem + query + scan",
            "Id": "expr_1",
            "Label": "Sum of errors across all operations",
          },
          {
            "Id": "getitem",
            "MetricStat": {
              "Metric": {
                "Dimensions": [
                  {
                    "Name": "Operation",
                    "Value": "GetItem",
                  },
                  {
                    "Name": "TableName",
                    "Value": {
                      "Ref": "MySecureStoretable0562C06B",
                    },
                  },
                ],
                "MetricName": "SystemErrors",
                "Namespace": "AWS/DynamoDB",
              },
              "Period": 300,
              "Stat": "Sum",
            },
            "ReturnData": false,
          },
          {
            "Id": "putitem",
            "MetricStat": {
              "Metric": {
                "Dimensions": [
                  {
                    "Name": "Operation",
                    "Value": "PutItem",
                  },
                  {
                    "Name": "TableName",
                    "Value": {
                      "Ref": "MySecureStoretable0562C06B",
                    },
                  },
                ],
                "MetricName": "SystemErrors",
                "Namespace": "AWS/DynamoDB",
              },
              "Period": 300,
              "Stat": "Sum",
            },
            "ReturnData": false,
          },
          {
            "Id": "deleteitem",
            "MetricStat": {
              "Metric": {
                "Dimensions": [
                  {
                    "Name": "Operation",
                    "Value": "DeleteItem",
                  },
                  {
                    "Name": "TableName",
                    "Value": {
                      "Ref": "MySecureStoretable0562C06B",
                    },
                  },
                ],
                "MetricName": "SystemErrors",
                "Namespace": "AWS/DynamoDB",
              },
              "Period": 300,
              "Stat": "Sum",
            },
            "ReturnData": false,
          },
          {
            "Id": "updateitem",
            "MetricStat": {
              "Metric": {
                "Dimensions": [
                  {
                    "Name": "Operation",
                    "Value": "UpdateItem",
                  },
                  {
                    "Name": "TableName",
                    "Value": {
                      "Ref": "MySecureStoretable0562C06B",
                    },
                  },
                ],
                "MetricName": "SystemErrors",
                "Namespace": "AWS/DynamoDB",
              },
              "Period": 300,
              "Stat": "Sum",
            },
            "ReturnData": false,
          },
          {
            "Id": "transactwriteitems",
            "MetricStat": {
              "Metric": {
                "Dimensions": [
                  {
                    "Name": "Operation",
                    "Value": "TransactWriteItems",
                  },
                  {
                    "Name": "TableName",
                    "Value": {
                      "Ref": "MySecureStoretable0562C06B",
                    },
                  },
                ],
                "MetricName": "SystemErrors",
                "Namespace": "AWS/DynamoDB",
              },
              "Period": 300,
              "Stat": "Sum",
            },
            "ReturnData": false,
          },
          {
            "Id": "transactgetitems",
            "MetricStat": {
              "Metric": {
                "Dimensions": [
                  {
                    "Name": "Operation",
                    "Value": "TransactGetItems",
                  },
                  {
                    "Name": "TableName",
                    "Value": {
                      "Ref": "MySecureStoretable0562C06B",
                    },
                  },
                ],
                "MetricName": "SystemErrors",
                "Namespace": "AWS/DynamoDB",
              },
              "Period": 300,
              "Stat": "Sum",
            },
            "ReturnData": false,
          },
          {
            "Id": "batchgetitem",
            "MetricStat": {
              "Metric": {
                "Dimensions": [
                  {
                    "Name": "Operation",
                    "Value": "BatchGetItem",
                  },
                  {
                    "Name": "TableName",
                    "Value": {
                      "Ref": "MySecureStoretable0562C06B",
                    },
                  },
                ],
                "MetricName": "SystemErrors",
                "Namespace": "AWS/DynamoDB",
              },
              "Period": 300,
              "Stat": "Sum",
            },
            "ReturnData": false,
          },
          {
            "Id": "batchwriteitem",
            "MetricStat": {
              "Metric": {
                "Dimensions": [
                  {
                    "Name": "Operation",
                    "Value": "BatchWriteItem",
                  },
                  {
                    "Name": "TableName",
                    "Value": {
                      "Ref": "MySecureStoretable0562C06B",
                    },
                  },
                ],
                "MetricName": "SystemErrors",
                "Namespace": "AWS/DynamoDB",
              },
              "Period": 300,
              "Stat": "Sum",
            },
            "ReturnData": false,
          },
          {
            "Id": "query",
            "MetricStat": {
              "Metric": {
                "Dimensions": [
                  {
                    "Name": "Operation",
                    "Value": "Query",
                  },
                  {
                    "Name": "TableName",
                    "Value": {
                      "Ref": "MySecureStoretable0562C06B",
                    },
                  },
                ],
                "MetricName": "SystemErrors",
                "Namespace": "AWS/DynamoDB",
              },
              "Period": 300,
              "Stat": "Sum",
            },
            "ReturnData": false,
          },
          {
            "Id": "scan",
            "MetricStat": {
              "Metric": {
                "Dimensions": [
                  {
                    "Name": "Operation",
                    "Value": "Scan",
                  },
                  {
                    "Name": "TableName",
                    "Value": {
                      "Ref": "MySecureStoretable0562C06B",
                    },
                  },
                ],
                "MetricName": "SystemErrors",
                "Namespace": "AWS/DynamoDB",
              },
              "Period": 300,
              "Stat": "Sum",
            },
            "ReturnData": false,
          },
        ],
        "Threshold": 0,
        "TreatMissingData": "notBreaching",
      },
      "Type": "AWS::CloudWatch::Alarm",
    },
    "MySecureStorealarmsalarmthrottle67AB3E62": {
      "Properties": {
        "AlarmName": {
          "Fn::Join": [
            "",
            [
              "DynamoDB ",
              {
                "Ref": "MySecureStoretable0562C06B",
              },
              " Throttled",
            ],
          ],
        },
        "ComparisonOperator": "GreaterThanOrEqualToThreshold",
        "DatapointsToAlarm": 1,
        "EvaluationPeriods": 6,
        "Metrics": [
          {
            "Expression": "m1 + m2",
            "Id": "expr_1",
            "Label": {
              "Fn::Join": [
                "",
                [
                  "DynamoDB ",
                  {
                    "Ref": "MySecureStoretable0562C06B",
                  },
                  " Reads/Writes Throttled",
                ],
              ],
            },
          },
          {
            "Id": "m1",
            "MetricStat": {
              "Metric": {
                "Dimensions": [
                  {
                    "Name": "TableName",
                    "Value": {
                      "Ref": "MySecureStoretable0562C06B",
                    },
                  },
                ],
                "MetricName": "ReadThrottleEvents",
                "Namespace": "AWS/DynamoDB",
              },
              "Period": 300,
              "Stat": "Sum",
            },
            "ReturnData": false,
          },
          {
            "Id": "m2",
            "MetricStat": {
              "Metric": {
                "Dimensions": [
                  {
                    "Name": "TableName",
                    "Value": {
                      "Ref": "MySecureStoretable0562C06B",
                    },
                  },
                ],
                "MetricName": "WriteThrottleEvents",
                "Namespace": "AWS/DynamoDB",
              },
              "Period": 300,
              "Stat": "Sum",
            },
            "ReturnData": false,
          },
        ],
        "Threshold": 0,
        "TreatMissingData": "notBreaching",
      },
      "Type": "AWS::CloudWatch::Alarm",
    },
    "MySecureStorebackupbackupVault114398DB": {
      "DeletionPolicy": "Retain",
      "Properties": {
        "AccessPolicy": {
          "Statement": [
            {
              "Action": [
                "backup:DeleteRecoveryPoint",
                "backup:UpdateRecoveryPointLifecycle",
              ],
              "Effect": "Deny",
              "Principal": {
                "AWS": "*",
              },
              "Resource": "*",
            },
          ],
          "Version": "2012-10-17",
        },
        "BackupVaultName": "secure-store-MyTable-backup-vault",
        "EncryptionKeyArn": "arn:aws:kms:us-east-1:123456789012:key/12345678-1234-1234-1234-123456789012",
      },
      "Type": "AWS::Backup::BackupVault",
      "UpdateReplacePolicy": "Retain",
    },
    "MySecureStorebackupsecurestoreMyTablebackupplan2A315DAA": {
      "Properties": {
        "BackupPlan": {
          "BackupPlanName": "secure-store-MyTable-backup-plan",
          "BackupPlanRule": [
            {
              "Lifecycle": {
                "DeleteAfterDays": 35,
              },
              "RuleName": "Daily",
              "ScheduleExpression": "cron(0 5 * * ? *)",
              "TargetBackupVault": {
                "Fn::GetAtt": [
                  "MySecureStorebackupbackupVault114398DB",
                  "BackupVaultName",
                ],
              },
            },
            {
              "Lifecycle": {
                "DeleteAfterDays": 90,
              },
              "RuleName": "Weekly",
              "ScheduleExpression": "cron(0 5 ? * SAT *)",
              "TargetBackupVault": {
                "Fn::GetAtt": [
                  "MySecureStorebackupbackupVault114398DB",
                  "BackupVaultName",
                ],
              },
            },
            {
              "Lifecycle": {
                "DeleteAfterDays": 2555,
                "MoveToColdStorageAfterDays": 90,
              },
              "RuleName": "Monthly7Year",
              "ScheduleExpression": "cron(0 5 1 * ? *)",
              "TargetBackupVault": {
                "Fn::GetAtt": [
                  "MySecureStorebackupbackupVault114398DB",
                  "BackupVaultName",
                ],
              },
            },
          ],
        },
      },
      "Type": "AWS::Backup::BackupPlan",
    },
    "MySecureStorebackupsecurestoreMyTablebackupplansecurestoreMyTablebackupplanselection180E0B92": {
      "Properties": {
        "BackupPlanId": {
          "Fn::GetAtt": [
            "MySecureStorebackupsecurestoreMyTablebackupplan2A315DAA",
            "BackupPlanId",
          ],
        },
        "BackupSelection": {
          "IamRoleArn": {
            "Fn::GetAtt": [
              "MySecureStorebackupsecurestoreMyTablebackupplansecurestoreMyTablebackupplanselectionRole0B5FF01B",
              "Arn",
            ],
          },
          "Resources": [
            {
              "Fn::GetAtt": [
                "MySecureStoretable0562C06B",
                "Arn",
              ],
            },
          ],
          "SelectionName": "secure-store-MyTable-backup-plan-selection",
        },
      },
      "Type": "AWS::Backup::BackupSelection",
    },
    "MySecureStorebackupsecurestoreMyTablebackupplansecurestoreMyTablebackupplanselectionRole0B5FF01B": {
      "Properties": {
        "AssumeRolePolicyDocument": {
          "Statement": [
            {
              "Action": "sts:AssumeRole",
              "Effect": "Allow",
              "Principal": {
                "Service": "backup.amazonaws.com",
              },
            },
          ],
          "Version": "2012-10-17",
        },
        "ManagedPolicyArns": [
          {
            "Fn::Join": [
              "",
              [
                "arn:",
                {
                  "Ref": "AWS::Partition",
                },
                ":iam::aws:policy/service-role/AWSBackupServiceRolePolicyForBackup",
              ],
            ],
          },
        ],
      },
      "Type": "AWS::IAM::Role",
    },
    "MySecureStoretable0562C06B": {
      "DeletionPolicy": "Retain",
      "Properties": {
        "AttributeDefinitions": [
          {
            "AttributeName": "PK",
            "AttributeType": "S",
          },
          {
            "AttributeName": "SK",
            "AttributeType": "S",
          },
          {
            "AttributeName": "GSI1PK",
            "AttributeType": "S",
          },
          {
            "AttributeName": "GSI1SK",
            "AttributeType": "S",
          },
        ],
        "BillingMode": "PAY_PER_REQUEST",
        "GlobalSecondaryIndexes": [
          {
            "IndexName": "GSI1",
            "KeySchema": [
              {
                "AttributeName": "GSI1PK",
                "KeyType": "HASH",
              },
              {
                "AttributeName": "GSI1SK",
                "KeyType": "RANGE",
              },
            ],
            "Projection": {
              "ProjectionType": "ALL",
            },
          },
        ],
        "KeySchema": [
          {
            "AttributeName": "PK",
            "KeyType": "HASH",
          },
          {
            "AttributeName": "SK",
            "KeyType": "RANGE",
          },
        ],
        "Replicas": [
          {
            "ContributorInsightsSpecification": {
              "Enabled": true,
            },
            "DeletionProtectionEnabled": true,
            "GlobalSecondaryIndexes": [
              {
                "ContributorInsightsSpecification": {
                  "Enabled": true,
                },
                "IndexName": "GSI1",
              },
            ],
            "PointInTimeRecoverySpecification": {
              "PointInTimeRecoveryEnabled": true,
            },
            "Region": "us-east-1",
            "SSESpecification": {
              "KMSMasterKeyId": "arn:aws:kms:us-east-1:123456789012:key/12345678-1234-1234-1234-123456789012",
            },
          },
        ],
        "SSESpecification": {
          "SSEEnabled": true,
          "SSEType": "KMS",
        },
        "TableName": "MyTable",
      },
      "Type": "AWS::DynamoDB::GlobalTable",
      "UpdateReplacePolicy": "Retain",
    },
  },
  "Rules": {
    "CheckBootstrapVersion": {
      "Assertions": [
        {
          "Assert": {
            "Fn::Not": [
              {
                "Fn::Contains": [
                  [
                    "1",
                    "2",
                    "3",
                    "4",
                    "5",
                  ],
                  {
                    "Ref": "BootstrapVersion",
                  },
                ],
              },
            ],
          },
          "AssertDescription": "CDK bootstrap stack version 6 required. Please run 'cdk bootstrap' with a recent version of the CDK CLI.",
        },
      ],
    },
  },
}
`;
