// Jest Snapshot v1, https://goo.gl/fbAQLP

exports[`Dead Letter Queue General should match the snapshot 1`] = `
{
  "Mappings": {
    "CloudwatchlambdainsightsversionMap": {
      "af-south-1": {
        "1x0x333x0xarm64": "arn:aws:lambda:af-south-1:012438385374:layer:LambdaInsightsExtension-Arm64:18",
      },
      "ap-east-1": {
        "1x0x333x0xarm64": "arn:aws:lambda:ap-east-1:519774774795:layer:LambdaInsightsExtension-Arm64:18",
      },
      "ap-northeast-1": {
        "1x0x333x0xarm64": "arn:aws:lambda:ap-northeast-1:580247275435:layer:LambdaInsightsExtension-Arm64:31",
      },
      "ap-northeast-2": {
        "1x0x333x0xarm64": "arn:aws:lambda:ap-northeast-2:580247275435:layer:LambdaInsightsExtension-Arm64:19",
      },
      "ap-northeast-3": {
        "1x0x333x0xarm64": "arn:aws:lambda:ap-northeast-3:194566237122:layer:LambdaInsightsExtension-Arm64:17",
      },
      "ap-south-1": {
        "1x0x333x0xarm64": "arn:aws:lambda:ap-south-1:580247275435:layer:LambdaInsightsExtension-Arm64:22",
      },
      "ap-south-2": {
        "1x0x333x0xarm64": "arn:aws:lambda:ap-south-2:891564319516:layer:LambdaInsightsExtension-Arm64:6",
      },
      "ap-southeast-1": {
        "1x0x333x0xarm64": "arn:aws:lambda:ap-southeast-1:580247275435:layer:LambdaInsightsExtension-Arm64:20",
      },
      "ap-southeast-2": {
        "1x0x333x0xarm64": "arn:aws:lambda:ap-southeast-2:580247275435:layer:LambdaInsightsExtension-Arm64:20",
      },
      "ap-southeast-3": {
        "1x0x333x0xarm64": "arn:aws:lambda:ap-southeast-3:439286490199:layer:LambdaInsightsExtension-Arm64:18",
      },
      "ca-central-1": {
        "1x0x333x0xarm64": "arn:aws:lambda:ca-central-1:580247275435:layer:LambdaInsightsExtension-Arm64:18",
      },
      "eu-central-1": {
        "1x0x333x0xarm64": "arn:aws:lambda:eu-central-1:580247275435:layer:LambdaInsightsExtension-Arm64:20",
      },
      "eu-north-1": {
        "1x0x333x0xarm64": "arn:aws:lambda:eu-north-1:580247275435:layer:LambdaInsightsExtension-Arm64:18",
      },
      "eu-south-1": {
        "1x0x333x0xarm64": "arn:aws:lambda:eu-south-1:339249233099:layer:LambdaInsightsExtension-Arm64:18",
      },
      "eu-south-2": {
        "1x0x333x0xarm64": "arn:aws:lambda:eu-south-2:352183217350:layer:LambdaInsightsExtension-Arm64:6",
      },
      "eu-west-1": {
        "1x0x333x0xarm64": "arn:aws:lambda:eu-west-1:580247275435:layer:LambdaInsightsExtension-Arm64:20",
      },
      "eu-west-2": {
        "1x0x333x0xarm64": "arn:aws:lambda:eu-west-2:580247275435:layer:LambdaInsightsExtension-Arm64:20",
      },
      "eu-west-3": {
        "1x0x333x0xarm64": "arn:aws:lambda:eu-west-3:580247275435:layer:LambdaInsightsExtension-Arm64:18",
      },
      "me-south-1": {
        "1x0x333x0xarm64": "arn:aws:lambda:me-south-1:285320876703:layer:LambdaInsightsExtension-Arm64:18",
      },
      "sa-east-1": {
        "1x0x333x0xarm64": "arn:aws:lambda:sa-east-1:580247275435:layer:LambdaInsightsExtension-Arm64:18",
      },
      "us-east-1": {
        "1x0x333x0xarm64": "arn:aws:lambda:us-east-1:580247275435:layer:LambdaInsightsExtension-Arm64:20",
      },
      "us-east-2": {
        "1x0x333x0xarm64": "arn:aws:lambda:us-east-2:580247275435:layer:LambdaInsightsExtension-Arm64:22",
      },
      "us-gov-east-1": {
        "1x0x333x0xarm64": "arn:aws-us-gov:lambda:us-gov-east-1:122132214140:layer:LambdaInsightsExtension-Arm64:3",
      },
      "us-gov-west-1": {
        "1x0x333x0xarm64": "arn:aws-us-gov:lambda:us-gov-west-1:751350123760:layer:LambdaInsightsExtension-Arm64:3",
      },
      "us-west-1": {
        "1x0x333x0xarm64": "arn:aws:lambda:us-west-1:580247275435:layer:LambdaInsightsExtension-Arm64:18",
      },
      "us-west-2": {
        "1x0x333x0xarm64": "arn:aws:lambda:us-west-2:580247275435:layer:LambdaInsightsExtension-Arm64:20",
      },
    },
  },
  "Parameters": {
    "BootstrapVersion": {
      "Default": "/cdk-bootstrap/hnb659fds/version",
      "Description": "Version of the CDK Bootstrap resources in this environment, automatically retrieved from SSM Parameter Store. [cdk:skip]",
      "Type": "AWS::SSM::Parameter::Value<String>",
    },
  },
  "Resources": {
    "dlqalarmEF73E847": {
      "Properties": {
        "AlarmDescription": "Alarm for some-lambda-function dead letter queue",
        "AlarmName": "some-lambda-function--dlq-alarm",
        "ComparisonOperator": "GreaterThanOrEqualToThreshold",
        "Dimensions": [
          {
            "Name": "QueueName",
            "Value": {
              "Fn::GetAtt": [
                "dlqqueueBDF0D8BE",
                "QueueName",
              ],
            },
          },
        ],
        "EvaluationPeriods": 1,
        "MetricName": "ApproximateNumberOfMessagesVisible",
        "Namespace": "AWS/SQS",
        "Period": 300,
        "Statistic": "Maximum",
        "Threshold": 5,
        "TreatMissingData": "notBreaching",
      },
      "Type": "AWS::CloudWatch::Alarm",
    },
    "dlqqueueBDF0D8BE": {
      "DeletionPolicy": "Delete",
      "Properties": {
        "KmsMasterKeyId": "alias/aws/sqs",
        "MessageRetentionPeriod": 1209600,
        "QueueName": "some-lambda-function",
        "VisibilityTimeout": 30,
      },
      "Type": "AWS::SQS::Queue",
      "UpdateReplacePolicy": "Delete",
    },
    "dlqqueuePolicy2C452EE9": {
      "Properties": {
        "PolicyDocument": {
          "Statement": [
            {
              "Action": "sqs:*",
              "Condition": {
                "Bool": {
                  "aws:SecureTransport": "false",
                },
              },
              "Effect": "Deny",
              "Principal": {
                "AWS": "*",
              },
              "Resource": {
                "Fn::GetAtt": [
                  "dlqqueueBDF0D8BE",
                  "Arn",
                ],
              },
            },
          ],
          "Version": "2012-10-17",
        },
        "Queues": [
          {
            "Ref": "dlqqueueBDF0D8BE",
          },
        ],
      },
      "Type": "AWS::SQS::QueuePolicy",
    },
    "dlqredrivefunction2BC30FF7": {
      "DependsOn": [
        "dlqredriveroleDefaultPolicyB3D3172E",
        "dlqredriverole73EF79BD",
      ],
      "Properties": {
        "Architectures": [
          "arm64",
        ],
        "Code": {
          "S3Bucket": {
            "Fn::Sub": "cdk-hnb659fds-assets-\${AWS::AccountId}-\${AWS::Region}",
          },
          "S3Key": "381b9a88b771f3cfd8a6bbfffcc8fb8bda0d6c48b770c58919bca944ad838115.zip",
        },
        "Description": {
          "Fn::Join": [
            "",
            [
              "Redrive function for some-lambda-function DLQ attached to ",
              {
                "Ref": "handlerfunctionC9E083FB",
              },
              " lambda",
            ],
          ],
        },
        "Environment": {
          "Variables": {
            "DLQ_URL": {
              "Ref": "dlqqueueBDF0D8BE",
            },
            "LAMBDA_DESTINATION_ARN": {
              "Fn::GetAtt": [
                "handlerfunctionC9E083FB",
                "Arn",
              ],
            },
          },
        },
        "EphemeralStorage": {
          "Size": 512,
        },
        "FunctionName": "some-lambda-function--dlq-processor",
        "Handler": "index.handler",
        "Layers": [
          {
            "Fn::FindInMap": [
              "CloudwatchlambdainsightsversionMap",
              {
                "Ref": "AWS::Region",
              },
              "1x0x333x0xarm64",
            ],
          },
        ],
        "LoggingConfig": {
          "ApplicationLogLevel": "INFO",
          "LogFormat": "JSON",
          "LogGroup": {
            "Ref": "dlqredriveloggroup57A2A78B",
          },
          "SystemLogLevel": "INFO",
        },
        "MemorySize": 128,
        "ReservedConcurrentExecutions": 20,
        "Role": {
          "Fn::GetAtt": [
            "dlqredriverole73EF79BD",
            "Arn",
          ],
        },
        "Runtime": "nodejs20.x",
        "Timeout": 30,
        "TracingConfig": {
          "Mode": "Active",
        },
      },
      "Type": "AWS::Lambda::Function",
    },
    "dlqredriveloggroup57A2A78B": {
      "DeletionPolicy": "Retain",
      "Properties": {
        "LogGroupName": "/aws/lambda/some-lambda-function--dlq-processor",
        "RetentionInDays": 60,
      },
      "Type": "AWS::Logs::LogGroup",
      "UpdateReplacePolicy": "Retain",
    },
    "dlqredriverole73EF79BD": {
      "Properties": {
        "AssumeRolePolicyDocument": {
          "Statement": [
            {
              "Action": "sts:AssumeRole",
              "Effect": "Allow",
              "Principal": {
                "Service": "lambda.amazonaws.com",
              },
            },
          ],
          "Version": "2012-10-17",
        },
        "ManagedPolicyArns": [
          {
            "Fn::Join": [
              "",
              [
                "arn:",
                {
                  "Ref": "AWS::Partition",
                },
                ":iam::aws:policy/service-role/AWSLambdaBasicExecutionRole",
              ],
            ],
          },
          {
            "Fn::Join": [
              "",
              [
                "arn:",
                {
                  "Ref": "AWS::Partition",
                },
                ":iam::aws:policy/CloudWatchLambdaInsightsExecutionRolePolicy",
              ],
            ],
          },
        ],
      },
      "Type": "AWS::IAM::Role",
    },
    "dlqredriveroleDefaultPolicyB3D3172E": {
      "Properties": {
        "PolicyDocument": {
          "Statement": [
            {
              "Action": [
                "xray:PutTraceSegments",
                "xray:PutTelemetryRecords",
              ],
              "Effect": "Allow",
              "Resource": "*",
            },
            {
              "Action": "lambda:InvokeFunction",
              "Effect": "Allow",
              "Resource": [
                {
                  "Fn::GetAtt": [
                    "handlerfunctionC9E083FB",
                    "Arn",
                  ],
                },
                {
                  "Fn::Join": [
                    "",
                    [
                      {
                        "Fn::GetAtt": [
                          "handlerfunctionC9E083FB",
                          "Arn",
                        ],
                      },
                      ":*",
                    ],
                  ],
                },
              ],
            },
            {
              "Action": [
                "sqs:ReceiveMessage",
                "sqs:ChangeMessageVisibility",
                "sqs:GetQueueUrl",
                "sqs:DeleteMessage",
                "sqs:GetQueueAttributes",
              ],
              "Effect": "Allow",
              "Resource": {
                "Fn::GetAtt": [
                  "dlqqueueBDF0D8BE",
                  "Arn",
                ],
              },
            },
          ],
          "Version": "2012-10-17",
        },
        "PolicyName": "dlqredriveroleDefaultPolicyB3D3172E",
        "Roles": [
          {
            "Ref": "dlqredriverole73EF79BD",
          },
        ],
      },
      "Type": "AWS::IAM::Policy",
    },
    "handlerfunctionC9E083FB": {
      "DependsOn": [
        "handlerroleDefaultPolicy04A931DB",
        "handlerroleB68B03AE",
      ],
      "Properties": {
        "Architectures": [
          "arm64",
        ],
        "Code": {
          "S3Bucket": {
            "Fn::Sub": "cdk-hnb659fds-assets-\${AWS::AccountId}-\${AWS::Region}",
          },
          "S3Key": "7671fef3231da5b8460e43bcffeb2c9d9d7763730b7734f98ef6960dfeda58d3.zip",
        },
        "EphemeralStorage": {
          "Size": 512,
        },
        "FunctionName": "some-lambda-function",
        "Handler": "index.handler",
        "Layers": [
          {
            "Fn::FindInMap": [
              "CloudwatchlambdainsightsversionMap",
              {
                "Ref": "AWS::Region",
              },
              "1x0x333x0xarm64",
            ],
          },
        ],
        "LoggingConfig": {
          "ApplicationLogLevel": "INFO",
          "LogFormat": "JSON",
          "LogGroup": {
            "Ref": "handlerloggroup94E54AD1",
          },
          "SystemLogLevel": "INFO",
        },
        "MemorySize": 128,
        "ReservedConcurrentExecutions": 20,
        "Role": {
          "Fn::GetAtt": [
            "handlerroleB68B03AE",
            "Arn",
          ],
        },
        "Runtime": "nodejs20.x",
        "Timeout": 30,
        "TracingConfig": {
          "Mode": "Active",
        },
      },
      "Type": "AWS::Lambda::Function",
    },
    "handlerloggroup94E54AD1": {
      "DeletionPolicy": "Retain",
      "Properties": {
        "LogGroupName": "/aws/lambda/some-lambda-function",
        "RetentionInDays": 60,
      },
      "Type": "AWS::Logs::LogGroup",
      "UpdateReplacePolicy": "Retain",
    },
    "handlerroleB68B03AE": {
      "Properties": {
        "AssumeRolePolicyDocument": {
          "Statement": [
            {
              "Action": "sts:AssumeRole",
              "Effect": "Allow",
              "Principal": {
                "Service": "lambda.amazonaws.com",
              },
            },
          ],
          "Version": "2012-10-17",
        },
        "ManagedPolicyArns": [
          {
            "Fn::Join": [
              "",
              [
                "arn:",
                {
                  "Ref": "AWS::Partition",
                },
                ":iam::aws:policy/service-role/AWSLambdaBasicExecutionRole",
              ],
            ],
          },
          {
            "Fn::Join": [
              "",
              [
                "arn:",
                {
                  "Ref": "AWS::Partition",
                },
                ":iam::aws:policy/CloudWatchLambdaInsightsExecutionRolePolicy",
              ],
            ],
          },
        ],
      },
      "Type": "AWS::IAM::Role",
    },
    "handlerroleDefaultPolicy04A931DB": {
      "Properties": {
        "PolicyDocument": {
          "Statement": [
            {
              "Action": [
                "xray:PutTraceSegments",
                "xray:PutTelemetryRecords",
              ],
              "Effect": "Allow",
              "Resource": "*",
            },
          ],
          "Version": "2012-10-17",
        },
        "PolicyName": "handlerroleDefaultPolicy04A931DB",
        "Roles": [
          {
            "Ref": "handlerroleB68B03AE",
          },
        ],
      },
      "Type": "AWS::IAM::Policy",
    },
  },
  "Rules": {
    "CheckBootstrapVersion": {
      "Assertions": [
        {
          "Assert": {
            "Fn::Not": [
              {
                "Fn::Contains": [
                  [
                    "1",
                    "2",
                    "3",
                    "4",
                    "5",
                  ],
                  {
                    "Ref": "BootstrapVersion",
                  },
                ],
              },
            ],
          },
          "AssertDescription": "CDK bootstrap stack version 6 required. Please run 'cdk bootstrap' with a recent version of the CDK CLI.",
        },
      ],
    },
  },
}
`;
